'AC.MillerSchupp.SquareFamily.P2.root' depends on axioms: [propext, Quot.sound]
'AC.MillerSchupp.SquareFamily.P2.companion' depends on axioms: [propext, Quot.sound]
'AC.MillerSchupp.SquareFamily.P2.powerRelator' depends on axioms: [propext, Quot.sound]
'AC.MillerSchupp.SquareFamily.P2.doubleWitness' depends on axioms: [propext, Quot.sound]
'AC.MillerSchupp.SquareFamily.P2.iteratedDouble' depends on axioms: [propext, Quot.sound]
'AC.MillerSchupp.SquareFamily.P2.power_finish' depends on axioms: [propext, Classical.choice, Quot.sound]
'AC.MillerSchupp.SquareFamily.P2.multiple_root_solvable' depends on axioms: [propext, Classical.choice, Quot.sound]
'AC.MillerSchupp.SquareFamily.P2.predecessor_multiple_root_solvable' depends on axioms: [propext,
 Classical.choice,
 Quot.sound]
'AC.MillerSchupp.SquareFamily.P2.even_root_solvable' depends on axioms: [propext, Classical.choice, Quot.sound]
'AC.MillerSchupp.SquareFamily.P2.odd_root_solvable' depends on axioms: [propext, Classical.choice, Quot.sound]
'AC.MillerSchupp.SquareFamily.P2.root_solvable' depends on axioms: [propext, Classical.choice, Quot.sound]
'AC.MillerSchupp.SquareFamily.P2.entryMap' depends on axioms: [propext, Quot.sound]
'AC.MillerSchupp.SquareFamily.P2.entryMap_x' depends on axioms: [propext, Quot.sound]
'AC.MillerSchupp.SquareFamily.P2.entryMap_y' depends on axioms: [propext, Quot.sound]
'AC.MillerSchupp.SquareFamily.P2.root_entry' depends on axioms: [propext, Classical.choice, Quot.sound]
'AC.MillerSchupp.SquareFamily.P2.entryMap_standard' depends on axioms: [propext, Classical.choice, Quot.sound]
'AC.MillerSchupp.SquareFamily.P2.square_of_root' depends on axioms: [propext, Classical.choice, Quot.sound]
'AC.MillerSchupp.SquareFamily.P2.square_p2_solvable' depends on axioms: [propext, Classical.choice, Quot.sound]
'AC.MillerSchupp.SquareFamily.P2.covered_positive' depends on axioms: [propext, Classical.choice, Quot.sound]
'AC.MillerSchupp.SquareFamily.P2.covered_negative' depends on axioms: [propext, Classical.choice, Quot.sound]
'AC.MillerSchupp.SquareFamily.P2.even_p2_family' depends on axioms: [propext, Classical.choice, Quot.sound]
'AC.MillerSchupp.SquareFamily.P2.even_negative_p2_family' depends on axioms: [propext, Classical.choice, Quot.sound]
'AC.MillerSchupp.SquareFamily.P2.odd_p2_family' depends on axioms: [propext, Classical.choice, Quot.sound]
'AC.MillerSchupp.SquareFamily.P2.odd_negative_p2_family' depends on axioms: [propext, Classical.choice, Quot.sound]
'AC.MillerSchupp.SquareFamily.P2.square_three_all' depends on axioms: [propext, Classical.choice, Quot.sound]
'AC.MillerSchupp.SquareFamily.P2.complementary_four_all' depends on axioms: [propext, Classical.choice, Quot.sound]
'AC.MillerSchupp.SquareFamily.P2.exponent_six_slice' depends on axioms: [propext, Classical.choice, Quot.sound]
'AC.MillerSchupp.SquareFamily.P2.exponent_seven_slice' depends on axioms: [propext, Classical.choice, Quot.sound]
'AC.MillerSchupp.SquareFamily.P2.multiple_square_solvable' depends on axioms: [propext, Classical.choice, Quot.sound]
'AC.MillerSchupp.SquareFamily.P2.predecessor_multiple_square_solvable' depends on axioms: [propext,
 Classical.choice,
 Quot.sound]
'AC.MillerSchupp.SquareFamily.P2.divisibility_square_solvable' depends on axioms: [propext,
 Classical.choice,
 Quot.sound]
'AC.MillerSchupp.SquareFamily.P2.even_divisibility_family' depends on axioms: [propext, Classical.choice, Quot.sound]
'AC.MillerSchupp.SquareFamily.P2.odd_divisibility_family' depends on axioms: [propext, Classical.choice, Quot.sound]
